// Jest Snapshot v1, https://goo.gl/fbAQLP

exports[`<Loading /> redners the <Loading.ReleaseBody /> 1`] = `null`;

exports[`<Loading /> renders the <Loading /> component 1`] = `
<div
  class="sc-bdnylx ghrSFu"
  data-testid="loading"
>
  <img
    class="sc-gtssRu dbobBa"
    data-testid="loading-picture"
    src="/images/users//images/chris.png.png"
  />
</div>
`;
